2025-11-18 18:39:57,844 - INFO - __main__ - Client application started
2025-11-18 18:40:26,483 - INFO - __main__ - Data and configuration loaded
2025-11-18 18:40:26,483 - INFO - __main__ - Sending peers to server node1
2025-11-18 18:40:28,516 - INFO - __main__ - Sending peers to server node2
2025-11-18 18:40:30,557 - INFO - __main__ - Sending peers to server node3
2025-11-18 18:40:32,584 - INFO - __main__ - Sending peers to server node4
2025-11-18 18:40:34,615 - INFO - __main__ - Sending peers to server node5
2025-11-18 18:40:36,643 - INFO - __main__ - Peers registered on all servers
2025-11-18 18:40:36,643 - INFO - __main__ - ============================================================
2025-11-18 18:40:36,643 - INFO - __main__ - INITIAL VECTOR STATISTICS
2025-11-18 18:40:36,643 - INFO - __main__ - Unique vectors to send: 15000
2025-11-18 18:40:36,644 - INFO - __main__ - Replication factor: 3
2025-11-18 18:40:36,644 - INFO - __main__ - Expected total vectors (with replicas): 45000
2025-11-18 18:40:36,644 - INFO - __main__ - ============================================================
2025-11-18 18:40:36,648 - INFO - __main__ - Starting parallel batch sending with 5 threads for 58 batches across 5 servers
2025-11-18 18:40:36,649 - INFO - __main__ - [BatchSender_0] Sending batch 1/58 (256 vectors) to node1
2025-11-18 18:40:36,717 - INFO - __main__ - [BatchSender_1] Sending batch 2/58 (256 vectors) to node2
2025-11-18 18:40:36,719 - INFO - __main__ - [BatchSender_2] Sending batch 3/58 (256 vectors) to node3
2025-11-18 18:40:36,795 - INFO - __main__ - [BatchSender_3] Sending batch 4/58 (256 vectors) to node4
2025-11-18 18:40:36,874 - INFO - __main__ - [BatchSender_4] Sending batch 5/58 (256 vectors) to node5
2025-11-18 18:40:38,805 - INFO - __main__ - [BatchSender_0] Batch 1 sent successfully to node1
2025-11-18 18:40:38,805 - INFO - __main__ - [BatchSender_0] Sending batch 6/58 (256 vectors) to node1
2025-11-18 18:40:39,501 - INFO - __main__ - [BatchSender_2] Batch 3 sent successfully to node3
2025-11-18 18:40:39,502 - INFO - __main__ - [BatchSender_2] Sending batch 7/58 (256 vectors) to node2
2025-11-18 18:40:39,583 - INFO - __main__ - [BatchSender_1] Batch 2 sent successfully to node2
2025-11-18 18:40:39,584 - INFO - __main__ - [BatchSender_4] Batch 5 sent successfully to node5
2025-11-18 18:40:39,585 - INFO - __main__ - [BatchSender_3] Batch 4 sent successfully to node4
2025-11-18 18:40:39,585 - INFO - __main__ - [BatchSender_1] Sending batch 8/58 (256 vectors) to node3
2025-11-18 18:40:39,586 - INFO - __main__ - [BatchSender_4] Sending batch 9/58 (256 vectors) to node4
2025-11-18 18:40:39,586 - INFO - __main__ - [BatchSender_3] Sending batch 10/58 (256 vectors) to node5
2025-11-18 18:40:40,969 - INFO - __main__ - [BatchSender_0] Batch 6 sent successfully to node1
2025-11-18 18:40:40,970 - INFO - __main__ - [BatchSender_0] Sending batch 11/58 (256 vectors) to node1
2025-11-18 18:40:41,683 - INFO - __main__ - [BatchSender_2] Batch 7 sent successfully to node2
2025-11-18 18:40:41,683 - INFO - __main__ - [BatchSender_2] Sending batch 12/58 (256 vectors) to node2
2025-11-18 18:40:41,946 - INFO - __main__ - [BatchSender_4] Batch 9 sent successfully to node4
2025-11-18 18:40:41,946 - INFO - __main__ - [BatchSender_4] Sending batch 13/58 (256 vectors) to node3
2025-11-18 18:40:42,013 - INFO - __main__ - [BatchSender_3] Batch 10 sent successfully to node5
2025-11-18 18:40:42,015 - INFO - __main__ - [BatchSender_1] Batch 8 sent successfully to node3
2025-11-18 18:40:42,015 - INFO - __main__ - [BatchSender_3] Sending batch 14/58 (256 vectors) to node4
2025-11-18 18:40:42,015 - INFO - __main__ - [BatchSender_1] Sending batch 15/58 (256 vectors) to node5
2025-11-18 18:40:43,108 - INFO - __main__ - [BatchSender_0] Batch 11 sent successfully to node1
2025-11-18 18:40:43,109 - INFO - __main__ - [BatchSender_0] Sending batch 16/58 (256 vectors) to node1
2025-11-18 18:40:43,826 - INFO - __main__ - [BatchSender_2] Batch 12 sent successfully to node2
2025-11-18 18:40:43,826 - INFO - __main__ - [BatchSender_2] Sending batch 17/58 (256 vectors) to node2
2025-11-18 18:40:44,127 - INFO - __main__ - [BatchSender_4] Batch 13 sent successfully to node3
2025-11-18 18:40:44,128 - INFO - __main__ - [BatchSender_4] Sending batch 18/58 (256 vectors) to node3
2025-11-18 18:40:44,262 - INFO - __main__ - [BatchSender_1] Batch 15 sent successfully to node5
2025-11-18 18:40:44,262 - INFO - __main__ - [BatchSender_1] Sending batch 19/58 (256 vectors) to node4
2025-11-18 18:40:44,325 - INFO - __main__ - [BatchSender_3] Batch 14 sent successfully to node4
2025-11-18 18:40:44,325 - INFO - __main__ - [BatchSender_3] Sending batch 20/58 (256 vectors) to node5
2025-11-18 18:40:45,278 - INFO - __main__ - [BatchSender_0] Batch 16 sent successfully to node1
2025-11-18 18:40:45,278 - INFO - __main__ - [BatchSender_0] Sending batch 21/58 (256 vectors) to node1
2025-11-18 18:40:45,975 - INFO - __main__ - [BatchSender_2] Batch 17 sent successfully to node2
2025-11-18 18:40:45,975 - INFO - __main__ - [BatchSender_2] Sending batch 22/58 (256 vectors) to node2
2025-11-18 18:40:46,317 - INFO - __main__ - [BatchSender_4] Batch 18 sent successfully to node3
2025-11-18 18:40:46,317 - INFO - __main__ - [BatchSender_4] Sending batch 23/58 (256 vectors) to node3
2025-11-18 18:40:46,447 - INFO - __main__ - [BatchSender_1] Batch 19 sent successfully to node4
2025-11-18 18:40:46,447 - INFO - __main__ - [BatchSender_1] Sending batch 24/58 (256 vectors) to node4
2025-11-18 18:40:46,584 - INFO - __main__ - [BatchSender_3] Batch 20 sent successfully to node5
2025-11-18 18:40:46,584 - INFO - __main__ - [BatchSender_3] Sending batch 25/58 (256 vectors) to node5
2025-11-18 18:40:47,446 - INFO - __main__ - [BatchSender_0] Batch 21 sent successfully to node1
2025-11-18 18:40:47,446 - INFO - __main__ - [BatchSender_0] Sending batch 26/58 (256 vectors) to node1
2025-11-18 18:40:48,159 - INFO - __main__ - [BatchSender_2] Batch 22 sent successfully to node2
2025-11-18 18:40:48,159 - INFO - __main__ - [BatchSender_2] Sending batch 27/58 (256 vectors) to node2
2025-11-18 18:40:48,523 - INFO - __main__ - [BatchSender_4] Batch 23 sent successfully to node3
2025-11-18 18:40:48,523 - INFO - __main__ - [BatchSender_4] Sending batch 28/58 (256 vectors) to node3
2025-11-18 18:40:48,714 - INFO - __main__ - [BatchSender_1] Batch 24 sent successfully to node4
2025-11-18 18:40:48,714 - INFO - __main__ - [BatchSender_1] Sending batch 29/58 (256 vectors) to node4
2025-11-18 18:40:48,880 - INFO - __main__ - [BatchSender_3] Batch 25 sent successfully to node5
2025-11-18 18:40:48,880 - INFO - __main__ - [BatchSender_3] Sending batch 30/58 (256 vectors) to node5
2025-11-18 18:40:49,707 - INFO - __main__ - [BatchSender_0] Batch 26 sent successfully to node1
2025-11-18 18:40:49,707 - INFO - __main__ - [BatchSender_0] Sending batch 31/58 (256 vectors) to node1
2025-11-18 18:40:52,003 - INFO - __main__ - [BatchSender_0] Batch 31 sent successfully to node1
2025-11-18 18:40:52,003 - INFO - __main__ - [BatchSender_0] Sending batch 32/58 (256 vectors) to node2
2025-11-18 18:40:55,271 - INFO - __main__ - [BatchSender_2] Batch 27 sent successfully to node2
2025-11-18 18:40:55,271 - INFO - __main__ - [BatchSender_2] Sending batch 33/58 (256 vectors) to node3
2025-11-18 18:40:57,054 - INFO - __main__ - [BatchSender_4] Batch 28 sent successfully to node3
2025-11-18 18:40:57,054 - INFO - __main__ - [BatchSender_4] Sending batch 34/58 (256 vectors) to node4
2025-11-18 18:40:57,756 - INFO - __main__ - [BatchSender_1] Batch 29 sent successfully to node4
2025-11-18 18:40:57,756 - INFO - __main__ - [BatchSender_1] Sending batch 35/58 (256 vectors) to node5
2025-11-18 18:40:57,909 - INFO - __main__ - [BatchSender_3] Batch 30 sent successfully to node5
2025-11-18 18:40:57,909 - INFO - __main__ - [BatchSender_3] Sending batch 36/58 (256 vectors) to node1
2025-11-18 18:41:00,555 - INFO - __main__ - [BatchSender_3] Batch 36 sent successfully to node1
2025-11-18 18:41:00,555 - INFO - __main__ - [BatchSender_3] Sending batch 37/58 (256 vectors) to node2
2025-11-18 18:41:02,214 - INFO - __main__ - [BatchSender_0] Batch 32 sent successfully to node2
2025-11-18 18:41:02,214 - INFO - __main__ - [BatchSender_0] Sending batch 38/58 (256 vectors) to node3
2025-11-18 18:41:03,397 - INFO - __main__ - [BatchSender_2] Batch 33 sent successfully to node3
2025-11-18 18:41:03,397 - INFO - __main__ - [BatchSender_2] Sending batch 39/58 (256 vectors) to node4
2025-11-18 18:41:04,352 - INFO - __main__ - [BatchSender_4] Batch 34 sent successfully to node4
2025-11-18 18:41:04,352 - INFO - __main__ - [BatchSender_4] Sending batch 40/58 (256 vectors) to node5
2025-11-18 18:41:04,807 - INFO - __main__ - [BatchSender_1] Batch 35 sent successfully to node5
2025-11-18 18:41:04,807 - INFO - __main__ - [BatchSender_1] Sending batch 41/58 (256 vectors) to node1
2025-11-18 18:41:09,811 - INFO - __main__ - [BatchSender_3] Batch 37 sent successfully to node2
2025-11-18 18:41:09,811 - INFO - __main__ - [BatchSender_3] Sending batch 42/58 (256 vectors) to node2
2025-11-18 18:41:11,420 - INFO - __main__ - [BatchSender_0] Batch 38 sent successfully to node3
2025-11-18 18:41:11,420 - INFO - __main__ - [BatchSender_0] Sending batch 43/58 (256 vectors) to node3
2025-11-18 18:41:13,670 - INFO - __main__ - [BatchSender_1] Batch 41 sent successfully to node1
2025-11-18 18:41:13,670 - INFO - __main__ - [BatchSender_1] Sending batch 44/58 (256 vectors) to node4
2025-11-18 18:41:13,827 - INFO - __main__ - [BatchSender_2] Batch 39 sent successfully to node4
2025-11-18 18:41:13,827 - INFO - __main__ - [BatchSender_4] Batch 40 sent successfully to node5
2025-11-18 18:41:13,828 - INFO - __main__ - [BatchSender_2] Sending batch 45/58 (256 vectors) to node5
2025-11-18 18:41:13,828 - INFO - __main__ - [BatchSender_4] Sending batch 46/58 (256 vectors) to node1
2025-11-18 18:41:20,276 - INFO - __main__ - [BatchSender_3] Batch 42 sent successfully to node2
2025-11-18 18:41:20,277 - INFO - __main__ - [BatchSender_3] Sending batch 47/58 (256 vectors) to node2
2025-11-18 18:41:22,015 - INFO - __main__ - [BatchSender_0] Batch 43 sent successfully to node3
2025-11-18 18:41:22,015 - INFO - __main__ - [BatchSender_0] Sending batch 48/58 (256 vectors) to node3
2025-11-18 18:41:22,287 - INFO - __main__ - [BatchSender_4] Batch 46 sent successfully to node1
2025-11-18 18:41:22,288 - INFO - __main__ - [BatchSender_4] Sending batch 49/58 (256 vectors) to node4
2025-11-18 18:41:22,288 - INFO - __main__ - [BatchSender_2] Batch 45 sent successfully to node5
2025-11-18 18:41:22,288 - INFO - __main__ - [BatchSender_2] Sending batch 50/58 (256 vectors) to node5
2025-11-18 18:41:22,393 - INFO - __main__ - [BatchSender_1] Batch 44 sent successfully to node4
2025-11-18 18:41:22,488 - INFO - __main__ - [BatchSender_1] Sending batch 51/58 (256 vectors) to node1
2025-11-18 18:41:29,574 - INFO - __main__ - [BatchSender_3] Batch 47 sent successfully to node2
2025-11-18 18:41:29,574 - INFO - __main__ - [BatchSender_3] Sending batch 52/58 (256 vectors) to node2
2025-11-18 18:41:31,120 - INFO - __main__ - [BatchSender_0] Batch 48 sent successfully to node3
2025-11-18 18:41:31,120 - INFO - __main__ - [BatchSender_0] Sending batch 53/58 (256 vectors) to node3
2025-11-18 18:41:31,220 - INFO - __main__ - [BatchSender_1] Batch 51 sent successfully to node1
2025-11-18 18:41:31,220 - INFO - __main__ - [BatchSender_1] Sending batch 54/58 (256 vectors) to node4
2025-11-18 18:41:31,329 - INFO - __main__ - [BatchSender_4] Batch 49 sent successfully to node4
2025-11-18 18:41:31,330 - INFO - __main__ - [BatchSender_4] Sending batch 55/58 (256 vectors) to node5
2025-11-18 18:41:31,330 - INFO - __main__ - [BatchSender_2] Batch 50 sent successfully to node5
2025-11-18 18:41:31,407 - INFO - __main__ - [BatchSender_2] Sending batch 56/58 (256 vectors) to node1
2025-11-18 18:41:37,718 - INFO - __main__ - [BatchSender_3] Batch 52 sent successfully to node2
2025-11-18 18:41:37,718 - INFO - __main__ - [BatchSender_3] Sending batch 57/58 (256 vectors) to node2
2025-11-18 18:41:39,194 - INFO - __main__ - [BatchSender_2] Batch 56 sent successfully to node1
2025-11-18 18:41:39,194 - INFO - __main__ - [BatchSender_2] Sending batch 58/58 (256 vectors) to node3
2025-11-18 18:41:39,283 - INFO - __main__ - [BatchSender_0] Batch 53 sent successfully to node3
2025-11-18 18:41:39,284 - INFO - __main__ - [BatchSender_1] Batch 54 sent successfully to node4
2025-11-18 18:41:39,284 - INFO - __main__ - [BatchSender_4] Batch 55 sent successfully to node5
2025-11-18 18:41:43,384 - INFO - __main__ - [BatchSender_3] Batch 57 sent successfully to node2
2025-11-18 18:41:44,161 - INFO - __main__ - [BatchSender_2] Batch 58 sent successfully to node3
2025-11-18 18:41:44,162 - INFO - __main__ - Parallel sending completed in 67.51s
2025-11-18 18:41:44,162 - INFO - __main__ - All batches sent successfully!
2025-11-18 18:41:45,162 - INFO - __main__ - Sending query
2025-11-18 18:41:48,774 - INFO - __main__ - ### FOR CORRESPONDENCE ###
2025-11-18 18:41:49,351 - INFO - __main__ - Ground Truth: 1.0 -> Among the products that use DirectFB are LinuxTV, Ben Nanonote, the unreleased Palm Foleo mobile companion, the webOS operating system, Panasonic Viera Connect TVs and the Philips TVs based on jointSPACE.
2025-11-18 18:41:49,351 - INFO - __main__ - Ground Truth: 0.3772801544818286 -> A mechanical television receiver is also called a televisor in some countries.
2025-11-18 18:41:49,351 - INFO - __main__ - Ground Truth: 0.36669504217677806 -> A search of the YouTube website can reveal a number of ideas for these devices mostly built by people at home.
2025-11-18 18:41:49,351 - INFO - __main__ - Ground Truth: 0.36668022382553667 -> A handheld TV game or just TV game or a plug and play game is an interactive entertainment device designed for use on a television set that integrates the video game console with the game controller.
2025-11-18 18:41:49,351 - INFO - __main__ - Ground Truth: 0.3560725766829374 -> All versions have Wi-Fi.
2025-11-18 18:41:49,351 - INFO - __main__ - Getting vector counts...
2025-11-18 18:42:02,725 - INFO - __main__ - Counts: {'node1': 9019, 'node3': 8850, 'node4': 8780, 'node5': 9076, 'node2': 8819} - Total: 44544
2025-11-18 18:42:02,725 - INFO - __main__ - ============================================================
2025-11-18 18:42:02,725 - INFO - __main__ - FINAL VECTOR STATISTICS
2025-11-18 18:42:02,725 - INFO - __main__ - Unique vectors sent: 14848
2025-11-18 18:42:02,725 - INFO - __main__ - Expected total with replicas: 44544
2025-11-18 18:42:02,725 - INFO - __main__ - Actual total stored: 44544
2025-11-18 18:42:02,725 - INFO - __main__ - Perfect match: all expected replicas are stored!
2025-11-18 18:42:02,725 - INFO - __main__ - ============================================================
2025-11-18 18:42:02,725 - INFO - __main__ - Client application end
